[INFO] Scanning for projects...
[INFO] 
[INFO] ----------------------------< com.tss:aml >-----------------------------
[INFO] Building  0.0.1-SNAPSHOT
[INFO]   from pom.xml
[INFO] --------------------------------[ jar ]---------------------------------
[INFO] 
[INFO] --- kotlin:2.3.10:kapt (default-kapt) @ aml ---
[INFO] No sources to compile
[INFO] 
[INFO] --- resources:3.5.0:resources (default-resources) @ aml ---
[INFO] Copying 2 resources from src\main\resources to target\classes
[INFO] Copying 7 resources from src\main\resources to target\classes
[INFO] 
[INFO] --- kotlin:2.3.10:compile (default-compile) @ aml ---
[INFO] No sources to compile
[INFO] 
[INFO] --- compiler:3.15.0:compile (default-compile) @ aml ---
[INFO] Nothing to compile - all classes are up to date.
[INFO] 
[INFO] --- kotlin:2.3.10:compile (compile) @ aml ---
[INFO] No sources to compile
[INFO] 
[INFO] --- compiler:3.15.0:compile (compile) @ aml ---
[INFO] Nothing to compile - all classes are up to date.
[INFO] 
[INFO] --- kotlin:2.3.10:test-kapt (default-test-kapt) @ aml ---
[INFO] No sources to compile
[INFO] 
[INFO] --- resources:3.5.0:testResources (default-testResources) @ aml ---
[INFO] skip non existing resourceDirectory D:\Downloads\Anti-Money-Laundering-Backend (1)\Anti-Money-Laundering-Backend\src\test\resources
[INFO] 
[INFO] --- kotlin:2.3.10:test-compile (default-test-compile) @ aml ---
[INFO] No sources to compile
[INFO] 
[INFO] --- compiler:3.15.0:testCompile (default-testCompile) @ aml ---
[INFO] Recompiling the module because of changed source code.
[INFO] Compiling 40 source files with javac [debug parameters release 17] to target\test-classes
[INFO] -------------------------------------------------------------
[ERROR] COMPILATION ERROR : 
[INFO] -------------------------------------------------------------
[ERROR] /D:/Downloads/Anti-Money-Laundering-Backend (1)/Anti-Money-Laundering-Backend/src/test/java/com/tss/aml/NotificationIntegrationTest.java:[58,50] package org.springframework.boot.test.mock.mockito does not exist
[ERROR] /D:/Downloads/Anti-Money-Laundering-Backend (1)/Anti-Money-Laundering-Backend/src/test/java/com/tss/aml/NotificationIntegrationTest.java:[152,6] cannot find symbol
  symbol:   class SpyBean
  location: class com.tss.aml.NotificationIntegrationTest
[INFO] 2 errors 
[INFO] -------------------------------------------------------------
[INFO] ------------------------------------------------------------------------
[INFO] BUILD FAILURE
[INFO] ------------------------------------------------------------------------
[INFO] Total time:  6.568 s
[INFO] Finished at: 2026-09-09T11:06:11+05:30
[INFO] ------------------------------------------------------------------------
[ERROR] Failed to execute goal org.apache.maven.plugins:maven-compiler-plugin:3.15.0:testCompile (default-testCompile) on project aml: Compilation failure: Compilation failure: 
[ERROR] /D:/Downloads/Anti-Money-Laundering-Backend (1)/Anti-Money-Laundering-Backend/src/test/java/com/tss/aml/NotificationIntegrationTest.java:[58,50] package org.springframework.boot.test.mock.mockito does not exist
[ERROR] /D:/Downloads/Anti-Money-Laundering-Backend (1)/Anti-Money-Laundering-Backend/src/test/java/com/tss/aml/NotificationIntegrationTest.java:[152,6] cannot find symbol
[ERROR]   symbol:   class SpyBean
[ERROR]   location: class com.tss.aml.NotificationIntegrationTest
[ERROR] -> [Help 1]
[ERROR] 
[ERROR] To see the full stack trace of the errors, re-run Maven with the -e switch.
[ERROR] Re-run Maven using the -X switch to enable full debug logging.
[ERROR] 
[ERROR] For more information about the errors and possible solutions, please read the following articles:
[ERROR] [Help 1] http://cwiki.apache.org/confluence/display/MAVEN/MojoFailureException
